../Drivers/CMSIS/Include/core_cm4.h:1684:22:__NVIC_EnableIRQ	16	static,ignoring_inline_asm
../Core/Src/spi_dma.c:40:6:spi1_dma_init	4	static
../Core/Src/spi_dma.c:69:6:spi_cs_init	4	static
../Core/Src/spi_dma.c:79:6:spi_cs_set	4	static
../Core/Src/spi_dma.c:80:6:spi_cs_reset	4	static
../Core/Src/spi_dma.c:83:6:dma2_stream3_spi_tx_init	8	static
../Core/Src/spi_dma.c:98:6:dma2_stream2_spi_rx_init	8	static
../Core/Src/spi_dma.c:113:6:dma2_stream3_spi_transfer	16	static
../Core/Src/spi_dma.c:122:6:dma2_stream2_spi_receive	16	static
../Core/Src/spi_dma.c:134:6:spi_dma_test_transfer	24	static
../Core/Src/spi_dma.c:166:6:DMA2_Stream3_IRQHandler	4	static
../Core/Src/spi_dma.c:178:6:DMA2_Stream2_IRQHandler	4	static
