../Drivers/CMSIS/Include/core_cm4.h:1684:22:__NVIC_EnableIRQ	16	static,ignoring_inline_asm
../Core/Src/uart_dma.c:50:6:uart_dma_send_string	24	static
../Core/Src/uart_dma.c:61:6:uart2_rx_tx_init	8	static
../Core/Src/uart_dma.c:85:6:dma1_init	8	static
../Core/Src/uart_dma.c:91:6:dma1_stream5_uart_rx_config	8	static
../Core/Src/uart_dma.c:111:6:dma1_stream6_uart_tx_config	16	static
../Core/Src/uart_dma.c:129:17:compute_uart_bd	16	static
../Core/Src/uart_dma.c:134:13:uart_set_baudrate	16	static
../Core/Src/uart_dma.c:139:6:DMA1_Stream6_IRQHandler	4	static
../Core/Src/uart_dma.c:148:6:DMA1_Stream5_IRQHandler	4	static
../Core/Src/uart_dma.c:157:6:USART2_IRQHandler	4	static
